// Jest Snapshot v1, https://goo.gl/fbAQLP

exports[`snapshot 1`] = `
.c0 {
  position: relative;
  display: inline-block;
  box-sizing: border-box;
  border: none;
  border-radius: 8px;
  font-size: 14px;
  padding: 18px 16px 14px;
  outline: none;
  cursor: pointer;
  width: auto;
  background-color: #545E7E;
  color: #ffffff;
}

.c0:hover:not([disabled]) {
  background-color: #363F59;
}

.c0:active:not([disabled]) {
  background-color: #112035;
}

.c0:disabled {
  opacity: 0.5;
  cursor: not-allowed;
}

@media (min-width:768px) {
  .c0 {
    padding: 19px 16px 15px;
    font-size: 16px;
  }
}

<button
  class="c0"
  color="blue"
/>
`;
